[{"time": "2026-04-09T16:05:47+08:00"}] 协调器运行中...
[1/4] 收集任务状态...
[2/4] 检查构建状态...
[3/4] 检查失败任务...
[4/4] 执行协调动作...

=== 协调器报告 ===
时间: 2026-04-09 16:05:48
任务状态:
[
    {
        "task": "quick-check",
        "status": "ok",
        "last_run": 4
    },
    {
        "task": "deep-check",
        "status": "ok",
        "last_run": 2
    },
    {
        "task": "build-task",
        "status": "unknown",
        "last_run": -1
    },
    {
        "task": "ui-optimize",
        "status": "unknown",
        "last_run": -1
    }
]
最新APK:  (N/A)
==================
✅ 协调器完成
