[0m
> build · big-pickle
[0m
[0m• [0mExplore screens directory structure[90m Explore Agent[0m
[0m✓ [0mExplore screens directory structure[90m Explore Agent[0m
我来深入分析代码库并进行深度重构。首先让我查看关键screen文件的当前状态。
[0m→ [0mRead src/screens/HomeScreen.tsx
[0m→ [0mRead src/screens/CommunityScreen.tsx
[0m→ [0mRead src/screens/ProfileScreen.tsx
[0m→ [0mRead src/theme/colors.ts
[0m→ [0mRead src/theme/index.ts
[0m→ [0mRead src/theme/animation.ts
[0m→ [0mRead src/screens/VIPScreen.tsx
[0m→ [0mRead src/screens/PartyDetailScreen.tsx
[0m→ [0mRead src/screens/TicketSelectScreen.tsx
[0m→ [0mRead src/screens/LoginScreen.tsx
[0m✱ [0mGlob "src/components/**/*.tsx"[90m 100 matches[0m
[0m→ [0mRead src/screens/VIPCenterScreen.tsx
[0m→ [0mRead src/screens/TicketSelectionScreen.tsx
[0m→ [0mRead src/theme/typography.ts
现在我对代码库有了全面的了解。让我开始深度重构。
[0m
[0m# [0mTodos
[ ] Create unified 2026 Design System types and constants
[ ] Create unified screen components with reanimated animations
[ ] Create unified animation hooks for consistent animations
[ ] Refactor HomeScreen with 2026 design system
[ ] Refactor CommunityScreen with 2026 design system
[ ] Refactor ProfileScreen with 2026 design system
[ ] Refactor PartyDetailScreen with 2026 design system
[ ] Refactor VIPScreen with 2026 design system
[ ] Refactor TicketSelectScreen with 2026 design system
[ ] Refactor LoginScreen with 2026 design system
[ ] Refactor remaining screens (VIPCenter, TicketSelection)
[0m
[0m← [0mWrite src/design-system/types.ts
Wrote file successfully.
[0m
[0m← [0mWrite src/design-system/index.ts
Wrote file successfully.
[0m
[0m← [0mWrite src/design-system/colors.ts
Wrote file successfully.
[0m
[0m← [0mWrite src/design-system/spacing.ts
Wrote file successfully.
[0m
[0m← [0mWrite src/design-system/typography.ts
Wrote file successfully.
[0m
[0m← [0mWrite src/design-system/shadows.ts
Wrote file successfully.
[0m
[0m← [0mWrite src/design-system/animation.ts
Wrote file successfully.
[0m
[0m← [0mWrite src/design-system/glassmorphism.ts
Wrote file successfully.
[0m
[0m← [0mWrite src/design-system/ThemeContext.tsx
Wrote file successfully.
[0m
[0m# [0mTodos
[x] Create unified 2026 Design System types and constants
[ ] Create unified screen components with reanimated animations
[ ] Create unified animation hooks for consistent animations
[ ] Refactor HomeScreen with 2026 design system
[ ] Refactor CommunityScreen with 2026 design system
[ ] Refactor ProfileScreen with 2026 design system
[ ] Refactor PartyDetailScreen with 2026 design system
[ ] Refactor VIPScreen with 2026 design system
[ ] Refactor TicketSelectScreen with 2026 design system
[ ] Refactor LoginScreen with 2026 design system
[ ] Refactor remaining screens (VIPCenter, TicketSelection)
[0m
[0m← [0mWrite src/design-system/components/ScreenContainer.tsx
Wrote file successfully.
[0m
[0m← [0mWrite src/design-system/components/index.ts
Wrote file successfully.
[0m
[0m← [0mWrite src/design-system/hooks/index.ts
Wrote file successfully.
[0m
[0m← [0mEdit src/design-system/index.ts
Index: /Users/mac/.openclaw.pre-migration/workspace/juju-platform-all/JujuApp/src/design-system/index.ts
===================================================================
--- /Users/mac/.openclaw.pre-migration/workspace/juju-platform-all/JujuApp/src/design-system/index.ts
+++ /Users/mac/.openclaw.pre-migration/workspace/juju-platform-all/JujuApp/src/design-system/index.ts
@@ -2,8 +2,10 @@
 // 聚聚 (JUJU) 设计系统 2026 - 统一导出
 // ============================================
 
 export * from './types';
+export * from './components';
+export * from './hooks';
 export { colors, gradients, vipColors } from './colors';
 export { spacing, layout } from './spacing';
 export { typography, textStyles } from './typography';
 export { Shadows, BorderRadius, Border } from './shadows';

[0m
[0m# [0mTodos
[x] Create unified 2026 Design System types and constants
[x] Create unified screen components with reanimated animations
[x] Create unified animation hooks for consistent animations
[ ] Refactor HomeScreen with 2026 design system
[ ] Refactor CommunityScreen with 2026 design system
[ ] Refactor ProfileScreen with 2026 design system
[ ] Refactor PartyDetailScreen with 2026 design system
[ ] Refactor VIPScreen with 2026 design system
[ ] Refactor TicketSelectScreen with 2026 design system
[ ] Refactor LoginScreen with 2026 design system
[ ] Refactor remaining screens (VIPCenter, TicketSelection)
[0m
[0m← [0mWrite src/screens/HomeScreen.tsx
Wrote file successfully.
[0m
[0m← [0mWrite src/screens/CommunityScreen.tsx
Wrote file successfully.
[0m
[0m← [0mWrite src/screens/ProfileScreen.tsx
Wrote file successfully.
[0m
[0m← [0mWrite src/screens/PartyDetailScreen.tsx
Wrote file successfully.
[0m
[0m← [0mWrite src/screens/VIPScreen.tsx
Wrote file successfully.
[0m
[0m← [0mWrite src/screens/TicketSelectScreen.tsx
Wrote file successfully.
[0m
[0m← [0mWrite src/screens/LoginScreen.tsx
Wrote file successfully.
[0m
[0m← [0mWrite src/screens/VIPCenterScreen.tsx
Wrote file successfully.
[0m
[0m← [0mWrite src/screens/TicketSelectionScreen.tsx
Wrote file successfully.
[0m
[0m# [0mTodos
[x] Create unified 2026 Design System types and constants
[x] Create unified screen components with reanimated animations
[x] Create unified animation hooks for consistent animations
[x] Refactor HomeScreen with 2026 design system
[x] Refactor CommunityScreen with 2026 design system
[x] Refactor ProfileScreen with 2026 design system
[x] Refactor PartyDetailScreen with 2026 design system
[x] Refactor VIPScreen with 2026 design system
[x] Refactor TicketSelectScreen with 2026 design system
[x] Refactor LoginScreen with 2026 design system
[x] Refactor remaining screens (VIPCenter, TicketSelection)
[0m
[0m→ [0mRead src/screens
Let me update the theme index file to integrate with the new design system and check remaining screens.
[0m→ [0mRead src/theme/index.ts
[0m→ [0mRead src/screens/WalletScreen.tsx
[0m→ [0mRead src/screens/PrivateChatScreen.tsx
[0m
[0m← [0mWrite src/screens/WalletScreen.tsx
Wrote file successfully.
[0m
[0m← [0mWrite src/screens/PrivateChatScreen.tsx
Wrote file successfully.
[0m
Let me continue refactoring more screens. I'll check and update more important screens:
[0m→ [0mRead src/screens/MyOrdersScreen.tsx
[0m→ [0mRead src/screens/NotificationsScreen.tsx
[0m
[0m← [0mWrite src/screens/MyOrdersScreen.tsx
Wrote file successfully.
[0m
[0m← [0mWrite src/screens/NotificationsScreen.tsx
Wrote file successfully.
[0m
Let me check a few more screens and ensure everything is properly structured:
[0m→ [0mRead src/screens/SocialScreen.tsx
[0m→ [0mRead src/screens/MyTicketsScreen.tsx
[0m
[0m← [0mWrite src/screens/SocialScreen.tsx
Wrote file successfully.
[0m
重构完成！以下是已完成的工作总结：

## 深度重构总结

### 1. 创建2026设计系统 (`src/design-system/`)
- **types.ts** - 完整的TypeScript类型定义
- **colors.ts** - 统一的颜色系统
- **typography.ts** - 字体规范
- **spacing.ts** - 间距规范
- **shadows.ts** - 阴影与圆角
- **animation.ts** - 动画配置
- **glassmorphism.ts** - 玻璃态效果
- **ThemeContext.tsx** - 主题上下文
- **components/ScreenContainer.tsx** - 统一屏幕容器
- **hooks/index.ts** - 统一动画Hooks

### 2. 动画Hooks (`usePressAnimation`, `useEntranceAnimation`, `useListItemAnimation`, `useShimmerAnimation`, `useScreenEnterAnimation`, `useScrollAnimation`, `usePulseAnimation`, `useNumberAnimation`)

### 3. 重构的Screen文件
| Screen | 主要改进 |
|--------|----------|
| HomeScreen | 使用useScreenEnterAnimation, useScrollAnimation |
| CommunityScreen | 使用useEntranceAnimation, FadeInUp/Down |
| ProfileScreen | 使用useEntranceAnimation |
| PartyDetailScreen | 使用useEntranceAnimation, useListItemAnimation |
| VIPScreen | 使用usePressAnimation, useListItemAnimation |
| TicketSelectScreen | 完整重写，使用所有动画Hooks |
| LoginScreen | 使用usePressAnimation, FadeIn/FadeUp |
| VIPCenterScreen | 使用useEntranceAnimation |
| TicketSelectionScreen | 使用usePressAnimation |
| WalletScreen | 使用useEntranceAnimation |
| PrivateChatScreen | 使用useEntranceAnimation |
| MyOrdersScreen | 使用useEntranceAnimation |
| NotificationsScreen | 使用useEntranceAnimation |
| SocialScreen | 使用useEntranceAnimation |

### 4. 统一特性
- 统一的颜色引用 (`colors.primary.main`, `colors.gray[900]` 等)
- 统一的间距使用 (`spacing.lg`, `layout.screenPadding` 等)
- 统一的动画配置 (`animation.duration.normal`, `animation.spring.gentle` 等)
- 统一的字体规范 (`typography.size.h3`, `typography.weight.bold` 等)
- 严格的TypeScript类型
